2026-02-21 12:13:03,999 - CAMERA: 2 | NAME: Camera 2 | CHANGE: unknown -> offline
2026-02-21 12:13:04,005 - CAMERA: 3 | NAME: Camera 3 | CHANGE: unknown -> offline
2026-02-21 12:13:04,006 - CAMERA: 1 | NAME: Camera 1 | CHANGE: unknown -> offline
2026-02-21 12:13:06,638 - CAMERA: 3 | NAME: Camera 3 | CHANGE: offline -> online
2026-02-21 12:13:06,642 - CAMERA: 2 | NAME: Camera 2 | CHANGE: offline -> online
2026-02-21 12:13:06,644 - CAMERA: 1 | NAME: Camera 1 | CHANGE: offline -> online
2026-02-21 12:19:49,600 - CAMERA: 1 | NAME: Camera 1 | CHANGE: unknown -> offline
2026-02-21 12:19:49,617 - CAMERA: 2 | NAME: Camera 2 | CHANGE: unknown -> offline
2026-02-21 12:19:49,684 - CAMERA: 3 | NAME: Camera 3 | CHANGE: unknown -> offline
2026-02-21 12:19:51,854 - CAMERA: 1 | NAME: Camera 1 | CHANGE: offline -> online
2026-02-21 12:19:51,858 - CAMERA: 3 | NAME: Camera 3 | CHANGE: offline -> online
2026-02-21 12:19:53,704 - CAMERA: 2 | NAME: Camera 2 | CHANGE: offline -> online
2026-02-21 12:21:45,803 - CAMERA: 1 | NAME: Camera 1 | CHANGE: unknown -> offline
2026-02-21 12:21:45,806 - CAMERA: 3 | NAME: Camera 3 | CHANGE: unknown -> offline
2026-02-21 12:21:45,810 - CAMERA: 2 | NAME: Camera 2 | CHANGE: unknown -> offline
2026-02-21 12:21:48,242 - CAMERA: 1 | NAME: Camera 1 | CHANGE: offline -> online
2026-02-21 12:21:50,059 - CAMERA: 3 | NAME: Camera 3 | CHANGE: offline -> online
2026-02-21 12:21:50,061 - CAMERA: 2 | NAME: Camera 2 | CHANGE: offline -> online
2026-02-21 12:52:27,166 - CAMERA: 1 | NAME: Camera 1 | CHANGE: unknown -> offline
2026-02-21 12:52:27,174 - CAMERA: 2 | NAME: Camera 2 | CHANGE: unknown -> offline
2026-02-21 12:52:27,184 - CAMERA: 3 | NAME: Camera 3 | CHANGE: unknown -> offline
2026-02-21 12:52:29,322 - CAMERA: 2 | NAME: Camera 2 | CHANGE: offline -> online
2026-02-21 12:52:44,419 - CAMERA: 1 | NAME: Camera 1 | CHANGE: unknown -> offline
2026-02-21 12:52:44,424 - CAMERA: 3 | NAME: Camera 3 | CHANGE: unknown -> offline
2026-02-21 12:52:44,428 - CAMERA: 2 | NAME: Camera 2 | CHANGE: unknown -> offline
2026-02-21 12:52:46,552 - CAMERA: 3 | NAME: Camera 3 | CHANGE: offline -> online
2026-02-21 12:52:46,554 - CAMERA: 2 | NAME: Camera 2 | CHANGE: offline -> online
2026-02-21 12:52:48,366 - CAMERA: 1 | NAME: Camera 1 | CHANGE: offline -> online
2026-02-21 12:55:25,021 - CAMERA: 1 | NAME: Camera 1 | CHANGE: unknown -> offline
2026-02-21 12:55:25,028 - CAMERA: 3 | NAME: Camera 3 | CHANGE: unknown -> offline
2026-02-21 12:55:25,038 - CAMERA: 2 | NAME: Camera 2 | CHANGE: unknown -> offline
2026-02-21 12:55:27,233 - CAMERA: 1 | NAME: Camera 1 | CHANGE: offline -> online
2026-02-21 12:55:29,069 - CAMERA: 3 | NAME: Camera 3 | CHANGE: offline -> online
2026-02-21 12:55:29,072 - CAMERA: 2 | NAME: Camera 2 | CHANGE: offline -> online
2026-02-21 12:56:36,455 - CAMERA: 1 | NAME: Camera 1 | CHANGE: unknown -> offline
2026-02-21 12:56:36,458 - CAMERA: 3 | NAME: Camera 3 | CHANGE: unknown -> offline
2026-02-21 12:56:36,474 - CAMERA: 2 | NAME: Camera 2 | CHANGE: unknown -> offline
2026-02-21 12:56:40,312 - CAMERA: 3 | NAME: Camera 3 | CHANGE: offline -> online
2026-02-21 12:56:40,315 - CAMERA: 2 | NAME: Camera 2 | CHANGE: offline -> online
2026-02-21 12:56:40,317 - CAMERA: 1 | NAME: Camera 1 | CHANGE: offline -> online
2026-02-21 12:56:56,359 - CAMERA: 2 | NAME: Camera 2 | CHANGE: unknown -> offline
2026-02-21 12:56:56,363 - CAMERA: 1 | NAME: Camera 1 | CHANGE: unknown -> offline
2026-02-21 12:56:56,368 - CAMERA: 3 | NAME: Camera 3 | CHANGE: unknown -> offline
2026-02-21 12:56:58,193 - CAMERA: 2 | NAME: Camera 2 | CHANGE: offline -> online
2026-02-21 12:57:00,014 - CAMERA: 1 | NAME: Camera 1 | CHANGE: offline -> online
2026-02-21 12:57:00,017 - CAMERA: 3 | NAME: Camera 3 | CHANGE: offline -> online
2026-02-21 12:57:23,962 - CAMERA: 1 | NAME: Camera 1 | CHANGE: unknown -> offline
2026-02-21 12:57:23,966 - CAMERA: 3 | NAME: Camera 3 | CHANGE: unknown -> offline
2026-02-21 12:57:23,970 - CAMERA: 2 | NAME: Camera 2 | CHANGE: unknown -> offline
2026-02-21 12:57:26,104 - CAMERA: 1 | NAME: Camera 1 | CHANGE: offline -> online
2026-02-21 12:57:27,928 - CAMERA: 2 | NAME: Camera 2 | CHANGE: offline -> online
2026-02-21 12:57:27,935 - CAMERA: 3 | NAME: Camera 3 | CHANGE: offline -> online
2026-02-21 13:05:53,007 - CAMERA: 3 | NAME: Camera 3 | CHANGE: unknown -> offline
2026-02-21 13:05:53,011 - CAMERA: 1 | NAME: Camera 1 | CHANGE: unknown -> offline
2026-02-21 13:05:53,013 - CAMERA: 2 | NAME: Camera 2 | CHANGE: unknown -> offline
2026-02-21 13:05:55,141 - CAMERA: 1 | NAME: Camera 1 | CHANGE: offline -> online
2026-02-21 13:05:57,024 - CAMERA: 3 | NAME: Camera 3 | CHANGE: offline -> online
2026-02-21 13:05:57,038 - CAMERA: 2 | NAME: Camera 2 | CHANGE: offline -> online
2026-02-21 13:13:52,566 - CAMERA: 2 | NAME: Camera 2 | CHANGE: unknown -> offline
2026-02-21 13:13:52,571 - CAMERA: 1 | NAME: Camera 1 | CHANGE: unknown -> offline
2026-02-21 13:13:52,572 - CAMERA: 3 | NAME: Camera 3 | CHANGE: unknown -> offline
2026-02-21 13:13:54,709 - CAMERA: 3 | NAME: Camera 3 | CHANGE: offline -> online
2026-02-21 13:13:54,712 - CAMERA: 2 | NAME: Camera 2 | CHANGE: offline -> online
2026-02-21 13:13:56,526 - CAMERA: 1 | NAME: Camera 1 | CHANGE: offline -> online
2026-02-21 13:14:07,982 - CAMERA: 1 | NAME: Camera 1 | CHANGE: unknown -> offline
2026-02-21 13:14:07,987 - CAMERA: 3 | NAME: Camera 3 | CHANGE: unknown -> offline
2026-02-21 13:14:07,992 - CAMERA: 2 | NAME: Camera 2 | CHANGE: unknown -> offline
2026-02-21 13:14:28,841 - CAMERA: 3 | NAME: Camera 3 | CHANGE: offline -> online
2026-02-21 13:14:28,844 - CAMERA: 2 | NAME: Camera 2 | CHANGE: offline -> online
2026-02-21 13:14:28,846 - CAMERA: 1 | NAME: Camera 1 | CHANGE: offline -> online
2026-02-21 13:14:39,295 - CAMERA: 2 | NAME: Camera 2 | CHANGE: unknown -> offline
2026-02-21 13:14:39,301 - CAMERA: 1 | NAME: Camera 1 | CHANGE: unknown -> offline
2026-02-21 13:14:39,306 - CAMERA: 3 | NAME: Camera 3 | CHANGE: unknown -> offline
2026-02-21 13:14:41,434 - CAMERA: 2 | NAME: Camera 2 | CHANGE: offline -> online
2026-02-21 13:14:41,435 - CAMERA: 3 | NAME: Camera 3 | CHANGE: offline -> online
2026-02-21 13:14:43,249 - CAMERA: 1 | NAME: Camera 1 | CHANGE: offline -> online
2026-02-21 13:15:30,434 - CAMERA: 3 | NAME: Camera 3 | CHANGE: unknown -> offline
2026-02-21 13:15:30,437 - CAMERA: 1 | NAME: Camera 1 | CHANGE: unknown -> offline
2026-02-21 13:15:30,441 - CAMERA: 2 | NAME: Camera 2 | CHANGE: unknown -> offline
2026-02-21 13:15:32,872 - CAMERA: 2 | NAME: Camera 2 | CHANGE: offline -> online
2026-02-21 13:15:32,875 - CAMERA: 3 | NAME: Camera 3 | CHANGE: offline -> online
2026-02-21 13:15:34,688 - CAMERA: 1 | NAME: Camera 1 | CHANGE: offline -> online
2026-02-21 15:30:25,556 - CAMERA: 1 | NAME: Camera 1 | CHANGE: online -> offline
2026-02-21 15:30:25,587 - CAMERA: 2 | NAME: Camera 2 | CHANGE: online -> offline
2026-02-21 15:30:25,645 - CAMERA: 3 | NAME: Camera 3 | CHANGE: online -> offline
2026-02-21 15:30:29,288 - CAMERA: 1 | NAME: Camera 1 | CHANGE: offline -> online
2026-02-21 15:30:29,296 - CAMERA: 3 | NAME: Camera 3 | CHANGE: offline -> online
2026-02-21 15:30:31,145 - CAMERA: 2 | NAME: Camera 2 | CHANGE: offline -> online
2026-02-22 06:11:47,927 - CAMERA: 3 | NAME: Camera 3 | CHANGE: unknown -> offline
2026-02-22 06:11:47,953 - CAMERA: 2 | NAME: Camera 2 | CHANGE: unknown -> offline
2026-02-22 06:11:47,956 - CAMERA: 1 | NAME: Camera 1 | CHANGE: unknown -> offline
2026-02-22 06:27:27,012 - CAMERA: 1 | NAME: Camera 1 | CHANGE: unknown -> offline
2026-02-22 06:27:27,014 - CAMERA: 3 | NAME: Camera 3 | CHANGE: unknown -> offline
2026-02-22 06:27:27,034 - CAMERA: 2 | NAME: Camera 2 | CHANGE: unknown -> offline
2026-02-22 06:40:39,265 - CAMERA: 1 | NAME: Camera 1 | CHANGE: unknown -> offline
2026-02-22 06:40:39,351 - CAMERA: 2 | NAME: Camera 2 | CHANGE: unknown -> offline
2026-02-22 06:40:39,354 - CAMERA: 3 | NAME: Camera 3 | CHANGE: unknown -> offline
2026-02-22 06:48:02,827 - CAMERA: 1 | NAME: Camera 1 | CHANGE: unknown -> offline
2026-02-22 06:48:02,917 - CAMERA: 2 | NAME: Camera 2 | CHANGE: unknown -> offline
2026-02-22 06:48:02,920 - CAMERA: 3 | NAME: Camera 3 | CHANGE: unknown -> offline
2026-02-22 07:34:23,760 - CAMERA: 1 | NAME: Camera 1 | CHANGE: unknown -> offline
2026-02-22 07:34:23,803 - CAMERA: 2 | NAME: Camera 2 | CHANGE: unknown -> offline
2026-02-22 07:34:23,806 - CAMERA: 3 | NAME: Camera 3 | CHANGE: unknown -> offline
2026-02-22 07:46:54,442 - CAMERA: 2 | NAME: Camera 2 | CHANGE: unknown -> offline
2026-02-22 07:46:54,445 - CAMERA: 3 | NAME: Camera 3 | CHANGE: unknown -> offline
2026-02-22 07:46:54,448 - CAMERA: 1 | NAME: Camera 1 | CHANGE: unknown -> offline
2026-02-22 07:54:53,329 - CAMERA: 1 | NAME: Camera 1 | CHANGE: unknown -> offline
2026-02-22 07:54:53,334 - CAMERA: 2 | NAME: Camera 2 | CHANGE: unknown -> offline
2026-02-22 07:54:53,343 - CAMERA: 3 | NAME: Camera 3 | CHANGE: unknown -> offline
2026-02-22 08:19:53,526 - CAMERA: 6 | NAME: Cam 3 | CHANGE: unknown -> offline
2026-02-22 08:19:53,884 - CAMERA: 4 | NAME: Cam 1 | CHANGE: unknown -> offline
2026-02-22 08:19:53,895 - CAMERA: 5 | NAME: Cam 2 | CHANGE: unknown -> offline
2026-02-22 08:19:56,219 - CAMERA: 6 | NAME: Cam 3 | CHANGE: offline -> online
2026-02-22 08:19:58,535 - CAMERA: 5 | NAME: Cam 2 | CHANGE: offline -> online
2026-02-22 08:19:58,537 - CAMERA: 4 | NAME: Cam 1 | CHANGE: offline -> online
2026-02-22 08:23:20,777 - CAMERA: 5 | NAME: Cam 2 | CHANGE: unknown -> offline
2026-02-22 08:23:20,781 - CAMERA: 6 | NAME: Cam 3 | CHANGE: unknown -> offline
2026-02-22 08:23:20,785 - CAMERA: 4 | NAME: Cam 1 | CHANGE: unknown -> offline
2026-02-22 08:23:22,607 - CAMERA: 6 | NAME: Cam 3 | CHANGE: offline -> online
2026-02-22 08:38:20,699 - CAMERA: 5 | NAME: Cam 2 | CHANGE: unknown -> offline
2026-02-22 08:50:42,371 - CAMERA: 3 | NAME: Camera 3 | CHANGE: unknown -> offline
2026-02-22 08:50:42,376 - CAMERA: 2 | NAME: Camera 2 | CHANGE: unknown -> offline
2026-02-22 08:50:42,380 - CAMERA: 1 | NAME: Camera 1 | CHANGE: unknown -> offline
2026-02-22 10:40:03,057 - CAMERA: 4 | NAME: Cam 1 | CHANGE: unknown -> offline
2026-02-22 10:40:03,071 - CAMERA: 5 | NAME: Cam 2 | CHANGE: unknown -> offline
2026-02-22 10:40:03,082 - CAMERA: 6 | NAME: Cam 3 | CHANGE: unknown -> offline
2026-02-22 10:40:05,407 - CAMERA: 6 | NAME: Cam 3 | CHANGE: offline -> online
2026-02-22 10:40:08,724 - CAMERA: 4 | NAME: Cam 1 | CHANGE: offline -> online
2026-02-22 10:40:10,549 - CAMERA: 5 | NAME: Cam 2 | CHANGE: offline -> online
2026-02-22 10:42:57,486 - CAMERA: 8 | NAME: C 2 | CHANGE: unknown -> offline
2026-02-22 10:42:57,490 - CAMERA: 7 | NAME: C 1 | CHANGE: unknown -> offline
2026-02-22 10:42:57,498 - CAMERA: 9 | NAME: C 3 | CHANGE: unknown -> offline
2026-02-22 10:42:59,631 - CAMERA: 9 | NAME: C 3 | CHANGE: offline -> online
2026-02-22 10:42:59,634 - CAMERA: 7 | NAME: C 1 | CHANGE: offline -> online
2026-02-22 10:43:01,444 - CAMERA: 8 | NAME: C 2 | CHANGE: offline -> online
2026-02-22 10:44:48,867 - CAMERA: 7 | NAME: C 1 | CHANGE: unknown -> offline
2026-02-22 10:44:48,872 - CAMERA: 9 | NAME: C 3 | CHANGE: unknown -> offline
2026-02-22 10:44:48,877 - CAMERA: 8 | NAME: C 2 | CHANGE: unknown -> offline
2026-02-22 10:44:50,695 - CAMERA: 7 | NAME: C 1 | CHANGE: offline -> online
2026-02-22 10:44:50,704 - CAMERA: 9 | NAME: C 3 | CHANGE: offline -> online
2026-02-22 10:44:52,537 - CAMERA: 8 | NAME: C 2 | CHANGE: offline -> online
2026-02-22 10:58:26,108 - CAMERA: 7 | NAME: C 1 | CHANGE: unknown -> offline
2026-02-22 10:58:26,109 - CAMERA: 8 | NAME: C 2 | CHANGE: unknown -> offline
2026-02-22 10:58:26,121 - CAMERA: 9 | NAME: C 3 | CHANGE: unknown -> offline
2026-02-22 10:58:28,274 - CAMERA: 7 | NAME: C 1 | CHANGE: offline -> online
2026-02-22 10:58:28,279 - CAMERA: 8 | NAME: C 2 | CHANGE: offline -> online
2026-02-22 10:58:28,283 - CAMERA: 9 | NAME: C 3 | CHANGE: offline -> online
2026-02-22 10:59:15,764 - CAMERA: 8 | NAME: C 2 | CHANGE: unknown -> offline
2026-02-22 10:59:15,768 - CAMERA: 7 | NAME: C 1 | CHANGE: unknown -> offline
2026-02-22 10:59:15,774 - CAMERA: 9 | NAME: C 3 | CHANGE: unknown -> offline
2026-02-22 10:59:17,598 - CAMERA: 7 | NAME: C 1 | CHANGE: offline -> online
2026-02-22 10:59:17,600 - CAMERA: 9 | NAME: C 3 | CHANGE: offline -> online
2026-02-22 10:59:19,412 - CAMERA: 8 | NAME: C 2 | CHANGE: offline -> online
2026-02-22 11:02:22,759 - CAMERA: 8 | NAME: C 2 | CHANGE: unknown -> offline
2026-02-22 11:02:22,770 - CAMERA: 9 | NAME: C 3 | CHANGE: unknown -> offline
2026-02-22 11:02:22,784 - CAMERA: 7 | NAME: C 1 | CHANGE: unknown -> offline
2026-02-22 11:02:24,960 - CAMERA: 7 | NAME: C 1 | CHANGE: offline -> online
2026-02-22 11:02:24,967 - CAMERA: 9 | NAME: C 3 | CHANGE: offline -> online
2026-02-22 11:02:26,789 - CAMERA: 8 | NAME: C 2 | CHANGE: offline -> online
2026-02-22 11:03:05,456 - CAMERA: 7 | NAME: C 1 | CHANGE: unknown -> offline
2026-02-22 11:03:05,463 - CAMERA: 8 | NAME: C 2 | CHANGE: unknown -> offline
2026-02-22 11:03:05,471 - CAMERA: 9 | NAME: C 3 | CHANGE: unknown -> offline
2026-02-22 11:03:07,618 - CAMERA: 7 | NAME: C 1 | CHANGE: offline -> online
2026-02-22 11:03:07,622 - CAMERA: 9 | NAME: C 3 | CHANGE: offline -> online
2026-02-22 11:03:07,625 - CAMERA: 8 | NAME: C 2 | CHANGE: offline -> online
2026-02-22 13:02:24,199 - CAMERA: 7 | NAME: C 1 | CHANGE: unknown -> offline
2026-02-22 13:02:24,301 - CAMERA: 9 | NAME: C 3 | CHANGE: unknown -> offline
2026-02-22 13:02:24,351 - CAMERA: 8 | NAME: C 2 | CHANGE: unknown -> offline
2026-02-22 13:02:26,486 - CAMERA: 7 | NAME: C 1 | CHANGE: offline -> online
2026-02-22 13:02:26,488 - CAMERA: 9 | NAME: C 3 | CHANGE: offline -> online
2026-02-22 13:02:28,309 - CAMERA: 8 | NAME: C 2 | CHANGE: offline -> online
2026-02-22 13:36:34,408 - CAMERA: 8 | NAME: C 2 | CHANGE: unknown -> offline
2026-02-22 13:36:34,413 - CAMERA: 7 | NAME: C 1 | CHANGE: unknown -> offline
2026-02-22 13:36:34,417 - CAMERA: 9 | NAME: C 3 | CHANGE: unknown -> offline
2026-02-22 13:36:36,549 - CAMERA: 7 | NAME: C 1 | CHANGE: offline -> online
2026-02-22 13:36:36,551 - CAMERA: 9 | NAME: C 3 | CHANGE: offline -> online
2026-02-22 13:36:38,366 - CAMERA: 8 | NAME: C 2 | CHANGE: offline -> online
2026-02-22 13:57:33,360 - CAMERA: 7 | NAME: C 1 | CHANGE: unknown -> offline
2026-02-22 13:57:33,361 - CAMERA: 8 | NAME: C 2 | CHANGE: unknown -> offline
2026-02-22 13:57:33,370 - CAMERA: 9 | NAME: C 3 | CHANGE: unknown -> offline
2026-02-23 08:18:56,032 - CAMERA: 7 | NAME: C 1 | CHANGE: unknown -> offline
2026-02-23 08:18:56,070 - CAMERA: 8 | NAME: C 2 | CHANGE: unknown -> offline
2026-02-23 08:18:56,083 - CAMERA: 9 | NAME: C 3 | CHANGE: unknown -> offline
2026-02-23 08:18:58,252 - CAMERA: 7 | NAME: C 1 | CHANGE: offline -> online
2026-02-23 08:18:58,258 - CAMERA: 9 | NAME: C 3 | CHANGE: offline -> online
2026-02-23 08:19:00,083 - CAMERA: 8 | NAME: C 2 | CHANGE: offline -> online
2026-02-23 09:22:04,274 - CAMERA: 7 | NAME: C 1 | CHANGE: unknown -> offline
2026-02-23 09:22:04,301 - CAMERA: 8 | NAME: C 2 | CHANGE: unknown -> offline
2026-02-23 09:22:04,312 - CAMERA: 9 | NAME: C 3 | CHANGE: unknown -> offline
2026-02-23 09:22:06,449 - CAMERA: 9 | NAME: C 3 | CHANGE: offline -> online
2026-02-23 09:22:06,451 - CAMERA: 7 | NAME: C 1 | CHANGE: offline -> online
2026-02-23 09:22:08,262 - CAMERA: 8 | NAME: C 2 | CHANGE: offline -> online
2026-02-23 09:29:29,706 - CAMERA: 8 | NAME: C 2 | CHANGE: unknown -> offline
2026-02-23 09:29:29,714 - CAMERA: 7 | NAME: C 1 | CHANGE: unknown -> offline
2026-02-23 09:29:29,720 - CAMERA: 9 | NAME: C 3 | CHANGE: unknown -> offline
2026-02-23 09:29:31,536 - CAMERA: 7 | NAME: C 1 | CHANGE: offline -> online
2026-02-23 09:29:31,548 - CAMERA: 9 | NAME: C 3 | CHANGE: offline -> online
2026-02-23 09:29:33,667 - CAMERA: 8 | NAME: C 2 | CHANGE: offline -> online
2026-02-23 09:32:14,235 - CAMERA: 8 | NAME: C 2 | CHANGE: unknown -> offline
2026-02-23 09:32:14,241 - CAMERA: 7 | NAME: C 1 | CHANGE: unknown -> offline
2026-02-23 09:32:14,251 - CAMERA: 9 | NAME: C 3 | CHANGE: unknown -> offline
2026-02-23 09:32:16,389 - CAMERA: 7 | NAME: C 1 | CHANGE: offline -> online
2026-02-23 09:32:16,391 - CAMERA: 9 | NAME: C 3 | CHANGE: offline -> online
2026-02-23 09:32:18,201 - CAMERA: 8 | NAME: C 2 | CHANGE: offline -> online
2026-02-23 09:32:31,069 - CAMERA: 8 | NAME: C 2 | CHANGE: unknown -> online
2026-02-23 09:32:31,077 - CAMERA: 7 | NAME: C 1 | CHANGE: unknown -> online
2026-02-23 09:32:31,082 - CAMERA: 9 | NAME: C 3 | CHANGE: unknown -> online
2026-02-23 11:57:27,016 - CAMERA: 8 | NAME: C 2 | CHANGE: unknown -> offline
2026-02-23 11:57:27,038 - CAMERA: 7 | NAME: C 1 | CHANGE: unknown -> offline
2026-02-23 11:57:27,044 - CAMERA: 9 | NAME: C 3 | CHANGE: unknown -> offline
2026-02-23 11:57:28,862 - CAMERA: 7 | NAME: C 1 | CHANGE: offline -> online
2026-02-23 11:57:28,865 - CAMERA: 9 | NAME: C 3 | CHANGE: offline -> online
2026-02-23 11:57:28,867 - CAMERA: 8 | NAME: C 2 | CHANGE: offline -> online
2026-02-23 12:03:21,149 - CAMERA: 8 | NAME: C 2 | CHANGE: unknown -> offline
2026-02-23 12:03:21,158 - CAMERA: 7 | NAME: C 1 | CHANGE: unknown -> offline
2026-02-23 12:03:21,186 - CAMERA: 9 | NAME: C 3 | CHANGE: unknown -> offline
2026-02-23 12:03:23,428 - CAMERA: 9 | NAME: C 3 | CHANGE: offline -> online
2026-02-23 12:03:23,459 - CAMERA: 7 | NAME: C 1 | CHANGE: offline -> online
2026-02-23 12:03:23,488 - CAMERA: 8 | NAME: C 2 | CHANGE: offline -> online
2026-02-23 14:16:42,711 - CAMERA: 2 | NAME: لیبل سریال محصول | CHANGE: unknown -> offline
2026-02-23 14:16:42,718 - CAMERA: 3 | NAME: برند محصول | CHANGE: unknown -> offline
2026-02-23 14:16:42,727 - CAMERA: 1 | NAME: لیبل کارتن محصول | CHANGE: unknown -> offline
2026-02-23 14:16:44,849 - CAMERA: 3 | NAME: برند محصول | CHANGE: offline -> online
2026-02-23 14:16:44,851 - CAMERA: 2 | NAME: لیبل سریال محصول | CHANGE: offline -> online
2026-02-23 14:16:44,852 - CAMERA: 1 | NAME: لیبل کارتن محصول | CHANGE: offline -> online
2026-02-23 14:18:12,125 - CAMERA: 2 | NAME: لیبل سریال محصول | CHANGE: unknown -> offline
2026-02-23 14:18:12,130 - CAMERA: 1 | NAME: لیبل کارتن محصول | CHANGE: unknown -> offline
2026-02-23 14:18:12,131 - CAMERA: 3 | NAME: برند محصول | CHANGE: unknown -> offline
2026-02-23 14:18:13,946 - CAMERA: 1 | NAME: لیبل کارتن محصول | CHANGE: offline -> online
2026-02-23 14:18:13,947 - CAMERA: 2 | NAME: لیبل سریال محصول | CHANGE: offline -> online
2026-02-23 14:18:19,592 - CAMERA: 2 | NAME: لیبل سریال محصول | CHANGE: online -> offline
2026-02-23 14:18:19,596 - CAMERA: 1 | NAME: لیبل کارتن محصول | CHANGE: online -> offline
2026-02-23 14:18:21,717 - CAMERA: 1 | NAME: لیبل کارتن محصول | CHANGE: offline -> online
2026-02-23 14:18:24,537 - CAMERA: 1 | NAME: لیبل کارتن محصول | CHANGE: online -> offline
2026-02-23 14:18:27,889 - CAMERA: 2 | NAME: لیبل سریال محصول | CHANGE: offline -> online
2026-02-23 14:18:30,707 - CAMERA: 2 | NAME: لیبل سریال محصول | CHANGE: online -> offline
2026-02-23 14:18:37,471 - CAMERA: 2 | NAME: لیبل سریال محصول | CHANGE: offline -> online
2026-02-23 14:18:37,472 - CAMERA: 1 | NAME: لیبل کارتن محصول | CHANGE: offline -> online
2026-02-23 14:18:39,103 - CAMERA: 3 | NAME: برند محصول | CHANGE: offline -> online
2026-02-23 14:20:45,563 - CAMERA: 3 | NAME: برند محصول | CHANGE: unknown -> offline
2026-02-23 14:20:45,566 - CAMERA: 1 | NAME: لیبل کارتن محصول | CHANGE: unknown -> offline
2026-02-23 14:20:45,567 - CAMERA: 2 | NAME: لیبل سریال محصول | CHANGE: unknown -> offline
2026-02-23 14:20:47,390 - CAMERA: 3 | NAME: برند محصول | CHANGE: offline -> online
2026-02-23 14:20:47,392 - CAMERA: 2 | NAME: لیبل سریال محصول | CHANGE: offline -> online
2026-02-23 14:20:47,394 - CAMERA: 1 | NAME: لیبل کارتن محصول | CHANGE: offline -> online
2026-02-23 14:24:40,190 - CAMERA: 3 | NAME: برند محصول | CHANGE: online -> offline
2026-02-23 14:30:07,121 - CAMERA: 3 | NAME: برند محصول | CHANGE: offline -> online
2026-02-23 14:35:31,205 - CAMERA: 2 | NAME: لیبل سریال محصول | CHANGE: unknown -> offline
2026-02-23 14:35:31,219 - CAMERA: 1 | NAME: لیبل کارتن محصول | CHANGE: unknown -> offline
2026-02-23 14:35:31,224 - CAMERA: 3 | NAME: برند محصول | CHANGE: unknown -> offline
2026-02-23 14:35:33,347 - CAMERA: 2 | NAME: لیبل سریال محصول | CHANGE: offline -> online
2026-02-23 14:35:33,349 - CAMERA: 1 | NAME: لیبل کارتن محصول | CHANGE: offline -> online
2026-02-23 14:35:33,350 - CAMERA: 3 | NAME: برند محصول | CHANGE: offline -> online
2026-02-23 14:38:52,897 - CAMERA: 3 | NAME: برند محصول | CHANGE: unknown -> offline
2026-02-23 14:38:52,907 - CAMERA: 1 | NAME: لیبل کارتن محصول | CHANGE: unknown -> offline
2026-02-23 14:38:52,916 - CAMERA: 2 | NAME: لیبل سریال محصول | CHANGE: unknown -> offline
2026-02-23 14:38:55,044 - CAMERA: 3 | NAME: برند محصول | CHANGE: offline -> online
2026-02-23 14:38:55,047 - CAMERA: 2 | NAME: لیبل سریال محصول | CHANGE: offline -> online
2026-02-23 14:38:55,049 - CAMERA: 1 | NAME: لیبل کارتن محصول | CHANGE: offline -> online
2026-02-23 14:40:47,427 - CAMERA: 2 | NAME: لیبل سریال محصول | CHANGE: online -> offline
2026-02-23 14:40:47,432 - CAMERA: 3 | NAME: برند محصول | CHANGE: online -> offline
2026-02-23 14:40:47,434 - CAMERA: 1 | NAME: لیبل کارتن محصول | CHANGE: online -> offline
2026-02-23 14:40:49,258 - CAMERA: 2 | NAME: لیبل سریال محصول | CHANGE: offline -> online
2026-02-23 14:40:51,388 - CAMERA: 3 | NAME: برند محصول | CHANGE: offline -> online
2026-02-23 14:40:53,199 - CAMERA: 1 | NAME: لیبل کارتن محصول | CHANGE: offline -> online
2026-02-23 14:45:45,176 - CAMERA: 3 | NAME: برند محصول | CHANGE: online -> offline
2026-02-23 14:48:11,892 - CAMERA: 3 | NAME: برند محصول | CHANGE: offline -> online
2026-02-23 14:59:18,678 - CAMERA: 2 | NAME: لیبل سریال محصول | CHANGE: unknown -> offline
2026-02-23 14:59:18,686 - CAMERA: 3 | NAME: برند محصول | CHANGE: unknown -> offline
2026-02-23 14:59:18,687 - CAMERA: 1 | NAME: لیبل کارتن محصول | CHANGE: unknown -> offline
2026-02-23 14:59:20,832 - CAMERA: 2 | NAME: لیبل سریال محصول | CHANGE: offline -> online
2026-02-23 14:59:20,838 - CAMERA: 3 | NAME: برند محصول | CHANGE: offline -> online
2026-02-23 14:59:20,842 - CAMERA: 1 | NAME: لیبل کارتن محصول | CHANGE: offline -> online
2026-02-23 15:00:26,432 - CAMERA: 1 | NAME: لیبل کارتن محصول | CHANGE: unknown -> offline
2026-02-23 15:00:26,437 - CAMERA: 3 | NAME: برند محصول | CHANGE: unknown -> offline
2026-02-23 15:00:26,443 - CAMERA: 2 | NAME: لیبل سریال محصول | CHANGE: unknown -> offline
2026-02-23 15:00:28,570 - CAMERA: 2 | NAME: لیبل سریال محصول | CHANGE: offline -> online
2026-02-23 15:00:28,572 - CAMERA: 3 | NAME: برند محصول | CHANGE: offline -> online
2026-02-23 15:00:28,574 - CAMERA: 1 | NAME: لیبل کارتن محصول | CHANGE: offline -> online
2026-02-23 15:01:04,197 - CAMERA: 3 | NAME: برند محصول | CHANGE: online -> offline
2026-02-23 15:01:06,014 - CAMERA: 3 | NAME: برند محصول | CHANGE: offline -> online
2026-02-23 15:01:07,014 - CAMERA: 2 | NAME: لیبل سریال محصول | CHANGE: online -> offline
2026-02-23 15:01:09,836 - CAMERA: 3 | NAME: برند محصول | CHANGE: online -> offline
2026-02-23 15:01:09,839 - CAMERA: 1 | NAME: لیبل کارتن محصول | CHANGE: online -> offline
2026-02-23 15:01:12,938 - CAMERA: 2 | NAME: لیبل سریال محصول | CHANGE: offline -> online
2026-02-23 15:01:12,940 - CAMERA: 1 | NAME: لیبل کارتن محصول | CHANGE: offline -> online
2026-02-23 15:01:12,944 - CAMERA: 3 | NAME: برند محصول | CHANGE: offline -> online
2026-02-23 15:01:40,657 - CAMERA: 3 | NAME: برند محصول | CHANGE: online -> offline
2026-02-23 15:05:05,691 - CAMERA: 3 | NAME: برند محصول | CHANGE: offline -> online
2026-02-23 15:06:29,192 - CAMERA: 1 | NAME: لیبل کارتن محصول | CHANGE: unknown -> offline
2026-02-23 15:06:29,196 - CAMERA: 3 | NAME: برند محصول | CHANGE: unknown -> offline
2026-02-23 15:06:29,199 - CAMERA: 2 | NAME: لیبل سریال محصول | CHANGE: unknown -> offline
2026-02-23 15:06:31,322 - CAMERA: 3 | NAME: برند محصول | CHANGE: offline -> online
2026-02-23 15:06:31,323 - CAMERA: 1 | NAME: لیبل کارتن محصول | CHANGE: offline -> online
2026-02-23 15:06:32,796 - CAMERA: 2 | NAME: لیبل سریال محصول | CHANGE: offline -> online
2026-02-23 15:07:18,408 - CAMERA: 3 | NAME: برند محصول | CHANGE: online -> offline
2026-02-23 15:14:05,751 - CAMERA: 2 | NAME: لیبل سریال محصول | CHANGE: unknown -> offline
2026-02-23 15:14:05,760 - CAMERA: 3 | NAME: برند محصول | CHANGE: unknown -> offline
2026-02-23 15:14:05,767 - CAMERA: 1 | NAME: لیبل کارتن محصول | CHANGE: unknown -> offline
2026-02-23 15:14:07,890 - CAMERA: 1 | NAME: لیبل کارتن محصول | CHANGE: offline -> online
2026-02-23 15:14:09,700 - CAMERA: 2 | NAME: لیبل سریال محصول | CHANGE: offline -> online
2026-02-23 15:14:22,758 - CAMERA: 3 | NAME: برند محصول | CHANGE: offline -> online
2026-02-23 15:14:59,622 - CAMERA: 1 | NAME: لیبل کارتن محصول | CHANGE: online -> offline
2026-02-23 15:15:01,432 - CAMERA: 1 | NAME: لیبل کارتن محصول | CHANGE: offline -> online
2026-02-23 15:15:02,453 - CAMERA: 3 | NAME: برند محصول | CHANGE: online -> offline
2026-02-23 15:15:04,284 - CAMERA: 3 | NAME: برند محصول | CHANGE: offline -> online
2026-02-23 15:15:05,285 - CAMERA: 1 | NAME: لیبل کارتن محصول | CHANGE: online -> offline
2026-02-23 15:15:05,287 - CAMERA: 2 | NAME: لیبل سریال محصول | CHANGE: online -> offline
2026-02-23 15:15:07,099 - CAMERA: 1 | NAME: لیبل کارتن محصول | CHANGE: offline -> online
2026-02-23 15:15:08,104 - CAMERA: 3 | NAME: برند محصول | CHANGE: online -> offline
2026-02-23 15:15:09,917 - CAMERA: 2 | NAME: لیبل سریال محصول | CHANGE: offline -> online
2026-02-23 15:15:10,918 - CAMERA: 1 | NAME: لیبل کارتن محصول | CHANGE: online -> offline
2026-02-23 15:15:13,742 - CAMERA: 2 | NAME: لیبل سریال محصول | CHANGE: online -> offline
2026-02-23 15:15:18,729 - CAMERA: 2 | NAME: لیبل سریال محصول | CHANGE: offline -> online
2026-02-23 15:15:21,546 - CAMERA: 2 | NAME: لیبل سریال محصول | CHANGE: online -> offline
2026-02-23 15:15:27,425 - CAMERA: 2 | NAME: لیبل سریال محصول | CHANGE: offline -> online
2026-02-23 15:15:27,427 - CAMERA: 1 | NAME: لیبل کارتن محصول | CHANGE: offline -> online
2026-02-23 15:15:30,255 - CAMERA: 1 | NAME: لیبل کارتن محصول | CHANGE: online -> offline
2026-02-23 15:15:34,890 - CAMERA: 3 | NAME: برند محصول | CHANGE: offline -> online
2026-02-23 15:15:34,892 - CAMERA: 1 | NAME: لیبل کارتن محصول | CHANGE: offline -> online
2026-02-23 15:15:58,074 - CAMERA: 3 | NAME: برند محصول | CHANGE: online -> offline
2026-02-23 15:16:56,231 - CAMERA: 3 | NAME: برند محصول | CHANGE: offline -> online
2026-02-23 15:17:28,446 - CAMERA: 3 | NAME: برند محصول | CHANGE: unknown -> offline
2026-02-23 15:17:28,449 - CAMERA: 1 | NAME: لیبل کارتن محصول | CHANGE: unknown -> offline
2026-02-23 15:17:28,453 - CAMERA: 2 | NAME: لیبل سریال محصول | CHANGE: unknown -> offline
2026-02-23 15:17:30,589 - CAMERA: 2 | NAME: لیبل سریال محصول | CHANGE: offline -> online
2026-02-23 15:17:30,596 - CAMERA: 3 | NAME: برند محصول | CHANGE: offline -> online
2026-02-23 15:17:30,607 - CAMERA: 1 | NAME: لیبل کارتن محصول | CHANGE: offline -> online
2026-02-23 15:19:22,182 - CAMERA: 3 | NAME: برند محصول | CHANGE: unknown -> offline
2026-02-23 15:19:22,187 - CAMERA: 2 | NAME: لیبل سریال محصول | CHANGE: unknown -> offline
2026-02-23 15:19:22,191 - CAMERA: 1 | NAME: لیبل کارتن محصول | CHANGE: unknown -> offline
2026-02-23 15:19:24,002 - CAMERA: 1 | NAME: لیبل کارتن محصول | CHANGE: offline -> online
2026-02-23 15:19:25,817 - CAMERA: 2 | NAME: لیبل سریال محصول | CHANGE: offline -> online
2026-02-23 15:19:25,820 - CAMERA: 3 | NAME: برند محصول | CHANGE: offline -> online
2026-02-23 15:20:43,902 - CAMERA: 3 | NAME: برند محصول | CHANGE: online -> offline
2026-02-23 15:21:27,360 - CAMERA: 3 | NAME: برند محصول | CHANGE: offline -> online
2026-02-23 15:21:30,571 - CAMERA: 3 | NAME: برند محصول | CHANGE: online -> offline
2026-02-23 15:26:20,525 - CAMERA: 3 | NAME: برند محصول | CHANGE: unknown -> offline
2026-02-23 15:26:20,532 - CAMERA: 1 | NAME: لیبل کارتن محصول | CHANGE: unknown -> offline
2026-02-23 15:26:20,537 - CAMERA: 2 | NAME: لیبل سریال محصول | CHANGE: unknown -> offline
2026-02-23 15:26:22,360 - CAMERA: 1 | NAME: لیبل کارتن محصول | CHANGE: offline -> online
2026-02-23 15:26:22,364 - CAMERA: 2 | NAME: لیبل سریال محصول | CHANGE: offline -> online
2026-02-23 15:27:32,395 - CAMERA: 2 | NAME: لیبل سریال محصول | CHANGE: unknown -> offline
2026-02-23 15:27:32,399 - CAMERA: 3 | NAME: برند محصول | CHANGE: unknown -> offline
2026-02-23 15:27:32,406 - CAMERA: 1 | NAME: لیبل کارتن محصول | CHANGE: unknown -> offline
2026-02-23 15:27:34,533 - CAMERA: 3 | NAME: برند محصول | CHANGE: offline -> online
2026-02-23 15:27:34,536 - CAMERA: 2 | NAME: لیبل سریال محصول | CHANGE: offline -> online
2026-02-23 15:27:34,538 - CAMERA: 1 | NAME: لیبل کارتن محصول | CHANGE: offline -> online
2026-02-23 15:29:06,772 - CAMERA: 3 | NAME: برند محصول | CHANGE: online -> offline
2026-02-23 15:30:49,212 - CAMERA: 3 | NAME: برند محصول | CHANGE: offline -> online
2026-02-23 15:31:15,963 - CAMERA: 3 | NAME: برند محصول | CHANGE: online -> offline
2026-02-23 15:37:50,511 - CAMERA: 2 | NAME: لیبل سریال محصول | CHANGE: unknown -> offline
2026-02-23 15:37:50,518 - CAMERA: 1 | NAME: لیبل کارتن محصول | CHANGE: unknown -> offline
2026-02-23 15:37:50,546 - CAMERA: 3 | NAME: برند محصول | CHANGE: unknown -> offline
2026-02-23 15:37:51,624 - CAMERA: 1 | NAME: لیبل کارتن محصول | CHANGE: offline -> online
2026-02-23 15:37:53,438 - CAMERA: 3 | NAME: برند محصول | CHANGE: offline -> online
2026-02-23 15:37:53,440 - CAMERA: 2 | NAME: لیبل سریال محصول | CHANGE: offline -> online
2026-02-23 15:38:29,741 - CAMERA: 2 | NAME: لیبل سریال محصول | CHANGE: online -> offline
2026-02-23 15:38:32,559 - CAMERA: 1 | NAME: لیبل کارتن محصول | CHANGE: online -> offline
2026-02-23 15:38:32,562 - CAMERA: 3 | NAME: برند محصول | CHANGE: online -> offline
2026-02-23 15:38:34,372 - CAMERA: 2 | NAME: لیبل سریال محصول | CHANGE: offline -> online
2026-02-23 15:38:39,327 - CAMERA: 3 | NAME: برند محصول | CHANGE: offline -> online
2026-02-23 15:38:40,338 - CAMERA: 2 | NAME: لیبل سریال محصول | CHANGE: online -> offline
2026-02-23 15:38:42,154 - CAMERA: 1 | NAME: لیبل کارتن محصول | CHANGE: offline -> online
2026-02-23 15:38:46,781 - CAMERA: 2 | NAME: لیبل سریال محصول | CHANGE: offline -> online
2026-02-23 15:38:49,428 - CAMERA: 1 | NAME: لیبل کارتن محصول | CHANGE: online -> offline
2026-02-23 15:38:52,571 - CAMERA: 3 | NAME: برند محصول | CHANGE: online -> offline
2026-02-23 15:38:54,384 - CAMERA: 1 | NAME: لیبل کارتن محصول | CHANGE: offline -> online
2026-02-23 15:38:57,515 - CAMERA: 3 | NAME: برند محصول | CHANGE: offline -> online
2026-02-23 15:39:43,744 - CAMERA: 3 | NAME: برند محصول | CHANGE: online -> offline
2026-02-23 15:40:45,377 - CAMERA: 3 | NAME: برند محصول | CHANGE: offline -> online
2026-02-23 15:53:28,924 - CAMERA: 2 | NAME: لیبل سریال محصول | CHANGE: unknown -> offline
2026-02-23 15:53:28,926 - CAMERA: 1 | NAME: لیبل کارتن محصول | CHANGE: unknown -> offline
2026-02-23 15:53:28,942 - CAMERA: 3 | NAME: برند محصول | CHANGE: unknown -> offline
2026-02-23 15:53:30,797 - CAMERA: 3 | NAME: برند محصول | CHANGE: offline -> online
2026-02-23 15:53:30,810 - CAMERA: 2 | NAME: لیبل سریال محصول | CHANGE: offline -> online
2026-02-23 15:53:30,818 - CAMERA: 1 | NAME: لیبل کارتن محصول | CHANGE: offline -> online
2026-02-23 15:54:01,300 - CAMERA: 1 | NAME: لیبل کارتن محصول | CHANGE: online -> offline
2026-02-23 15:54:03,116 - CAMERA: 1 | NAME: لیبل کارتن محصول | CHANGE: offline -> online
2026-02-23 15:54:06,946 - CAMERA: 2 | NAME: لیبل سریال محصول | CHANGE: online -> offline
2026-02-23 15:54:06,950 - CAMERA: 3 | NAME: برند محصول | CHANGE: online -> offline
2026-02-23 15:54:06,952 - CAMERA: 1 | NAME: لیبل کارتن محصول | CHANGE: online -> offline
2026-02-23 15:54:09,992 - CAMERA: 2 | NAME: لیبل سریال محصول | CHANGE: offline -> online
2026-02-23 15:54:09,994 - CAMERA: 1 | NAME: لیبل کارتن محصول | CHANGE: offline -> online
2026-02-23 15:54:12,816 - CAMERA: 1 | NAME: لیبل کارتن محصول | CHANGE: online -> offline
2026-02-23 15:54:12,817 - CAMERA: 2 | NAME: لیبل سریال محصول | CHANGE: online -> offline
2026-02-23 15:54:15,548 - CAMERA: 3 | NAME: برند محصول | CHANGE: offline -> online
2026-02-23 15:54:18,373 - CAMERA: 3 | NAME: برند محصول | CHANGE: online -> offline
2026-02-23 15:54:20,492 - CAMERA: 2 | NAME: لیبل سریال محصول | CHANGE: offline -> online
2026-02-23 15:54:23,324 - CAMERA: 2 | NAME: لیبل سریال محصول | CHANGE: online -> offline
2026-02-23 15:54:26,958 - CAMERA: 3 | NAME: برند محصول | CHANGE: offline -> online
2026-02-23 15:54:26,961 - CAMERA: 1 | NAME: لیبل کارتن محصول | CHANGE: offline -> online
2026-02-23 15:54:26,963 - CAMERA: 2 | NAME: لیبل سریال محصول | CHANGE: offline -> online
2026-02-23 15:54:45,023 - CAMERA: 2 | NAME: لیبل سریال محصول | CHANGE: unknown -> offline
2026-02-23 15:54:45,026 - CAMERA: 3 | NAME: برند محصول | CHANGE: unknown -> offline
2026-02-23 15:54:45,030 - CAMERA: 1 | NAME: لیبل کارتن محصول | CHANGE: unknown -> offline
2026-02-23 15:54:46,857 - CAMERA: 3 | NAME: برند محصول | CHANGE: offline -> online
2026-02-23 15:54:46,860 - CAMERA: 2 | NAME: لیبل سریال محصول | CHANGE: offline -> online
2026-02-23 15:54:46,863 - CAMERA: 1 | NAME: لیبل کارتن محصول | CHANGE: offline -> online
2026-02-23 15:56:05,733 - CAMERA: 3 | NAME: برند محصول | CHANGE: online -> offline
2026-02-23 15:59:59,756 - CAMERA: 3 | NAME: برند محصول | CHANGE: offline -> online
2026-02-23 16:00:39,118 - CAMERA: 2 | NAME: لیبل سریال محصول | CHANGE: unknown -> offline
2026-02-23 16:00:39,122 - CAMERA: 3 | NAME: برند محصول | CHANGE: unknown -> offline
2026-02-23 16:00:39,126 - CAMERA: 1 | NAME: لیبل کارتن محصول | CHANGE: unknown -> offline
2026-02-23 16:00:41,260 - CAMERA: 1 | NAME: لیبل کارتن محصول | CHANGE: offline -> online
2026-02-23 16:00:41,264 - CAMERA: 2 | NAME: لیبل سریال محصول | CHANGE: offline -> online
2026-02-23 16:00:41,269 - CAMERA: 3 | NAME: برند محصول | CHANGE: offline -> online
2026-02-23 16:02:27,129 - CAMERA: 1 | NAME: لیبل کارتن محصول | CHANGE: unknown -> offline
2026-02-23 16:02:27,135 - CAMERA: 2 | NAME: لیبل سریال محصول | CHANGE: unknown -> offline
2026-02-23 16:02:27,142 - CAMERA: 3 | NAME: برند محصول | CHANGE: unknown -> offline
2026-02-23 16:02:29,265 - CAMERA: 3 | NAME: برند محصول | CHANGE: offline -> online
2026-02-23 16:02:29,266 - CAMERA: 1 | NAME: لیبل کارتن محصول | CHANGE: offline -> online
2026-02-23 16:02:31,075 - CAMERA: 2 | NAME: لیبل سریال محصول | CHANGE: offline -> online
2026-02-23 16:03:44,098 - CAMERA: 3 | NAME: برند محصول | CHANGE: online -> offline
2026-02-23 16:05:44,375 - CAMERA: 3 | NAME: برند محصول | CHANGE: offline -> online
2026-02-23 16:49:10,839 - CAMERA: 1 | NAME: لیبل کارتن محصول | CHANGE: unknown -> offline
2026-02-23 16:49:10,843 - CAMERA: 2 | NAME: لیبل سریال محصول | CHANGE: unknown -> offline
2026-02-23 16:49:11,032 - CAMERA: 3 | NAME: برند محصول | CHANGE: unknown -> offline
2026-02-23 16:49:12,844 - CAMERA: 1 | NAME: لیبل کارتن محصول | CHANGE: offline -> online
2026-02-23 16:49:14,655 - CAMERA: 2 | NAME: لیبل سریال محصول | CHANGE: offline -> online
2026-02-23 16:49:14,658 - CAMERA: 3 | NAME: برند محصول | CHANGE: offline -> online
2026-02-23 16:50:55,193 - CAMERA: 3 | NAME: برند محصول | CHANGE: online -> offline
2026-02-23 16:50:57,003 - CAMERA: 3 | NAME: برند محصول | CHANGE: offline -> online
2026-02-23 16:50:59,762 - CAMERA: 1 | NAME: لیبل کارتن محصول | CHANGE: online -> offline
2026-02-23 16:50:59,766 - CAMERA: 2 | NAME: لیبل سریال محصول | CHANGE: online -> offline
2026-02-23 16:50:59,767 - CAMERA: 3 | NAME: برند محصول | CHANGE: online -> offline
2026-02-23 16:51:04,685 - CAMERA: 2 | NAME: لیبل سریال محصول | CHANGE: offline -> online
2026-02-23 16:51:04,686 - CAMERA: 1 | NAME: لیبل کارتن محصول | CHANGE: offline -> online
2026-02-23 16:51:07,506 - CAMERA: 2 | NAME: لیبل سریال محصول | CHANGE: online -> offline
2026-02-23 16:51:09,344 - CAMERA: 3 | NAME: برند محصول | CHANGE: offline -> online
2026-02-23 16:51:12,152 - CAMERA: 2 | NAME: لیبل سریال محصول | CHANGE: offline -> online
2026-02-23 16:54:10,053 - CAMERA: 2 | NAME: لیبل سریال محصول | CHANGE: online -> offline
2026-02-23 16:54:37,925 - CAMERA: 2 | NAME: لیبل سریال محصول | CHANGE: offline -> online
2026-02-23 16:55:21,232 - CAMERA: 3 | NAME: برند محصول | CHANGE: online -> offline
2026-02-23 16:56:04,957 - CAMERA: 3 | NAME: برند محصول | CHANGE: offline -> online
2026-02-24 10:33:37,511 - CAMERA: 2 | NAME: لیبل سریال محصول | CHANGE: unknown -> offline
2026-02-24 10:33:37,516 - CAMERA: 3 | NAME: برند محصول | CHANGE: unknown -> offline
2026-02-24 10:33:37,519 - CAMERA: 1 | NAME: لیبل کارتن محصول | CHANGE: unknown -> offline
2026-02-24 10:33:39,643 - CAMERA: 3 | NAME: برند محصول | CHANGE: offline -> online
2026-02-24 10:33:39,645 - CAMERA: 1 | NAME: لیبل کارتن محصول | CHANGE: offline -> online
2026-02-24 10:33:39,646 - CAMERA: 2 | NAME: لیبل سریال محصول | CHANGE: offline -> online
2026-02-24 10:34:09,858 - CAMERA: 2 | NAME: لیبل سریال محصول | CHANGE: unknown -> offline
2026-02-24 10:34:09,862 - CAMERA: 1 | NAME: لیبل کارتن محصول | CHANGE: unknown -> offline
2026-02-24 10:34:09,866 - CAMERA: 3 | NAME: برند محصول | CHANGE: unknown -> offline
2026-02-24 10:34:11,990 - CAMERA: 1 | NAME: لیبل کارتن محصول | CHANGE: offline -> online
2026-02-24 10:34:11,992 - CAMERA: 2 | NAME: لیبل سریال محصول | CHANGE: offline -> online
2026-02-24 10:34:11,993 - CAMERA: 3 | NAME: برند محصول | CHANGE: offline -> online
2026-02-24 10:52:31,763 - CAMERA: 3 | NAME: برند محصول | CHANGE: unknown -> offline
2026-02-24 10:52:31,769 - CAMERA: 1 | NAME: لیبل کارتن محصول | CHANGE: unknown -> offline
2026-02-24 10:52:31,774 - CAMERA: 2 | NAME: لیبل سریال محصول | CHANGE: unknown -> offline
2026-02-24 10:52:33,903 - CAMERA: 1 | NAME: لیبل کارتن محصول | CHANGE: offline -> online
2026-02-24 10:52:33,905 - CAMERA: 3 | NAME: برند محصول | CHANGE: offline -> online
2026-02-24 10:52:33,907 - CAMERA: 2 | NAME: لیبل سریال محصول | CHANGE: offline -> online
2026-02-24 10:52:46,320 - CAMERA: 3 | NAME: برند محصول | CHANGE: unknown -> offline
2026-02-24 10:52:46,324 - CAMERA: 1 | NAME: لیبل کارتن محصول | CHANGE: unknown -> offline
2026-02-24 10:52:46,328 - CAMERA: 2 | NAME: لیبل سریال محصول | CHANGE: unknown -> offline
2026-02-24 10:52:48,447 - CAMERA: 3 | NAME: برند محصول | CHANGE: offline -> online
2026-02-24 10:52:48,448 - CAMERA: 2 | NAME: لیبل سریال محصول | CHANGE: offline -> online
2026-02-24 10:52:48,450 - CAMERA: 1 | NAME: لیبل کارتن محصول | CHANGE: offline -> online
2026-02-24 10:55:46,696 - CAMERA: 2 | NAME: لیبل سریال محصول | CHANGE: unknown -> offline
2026-02-24 10:55:46,699 - CAMERA: 1 | NAME: لیبل کارتن محصول | CHANGE: unknown -> offline
2026-02-24 10:55:46,701 - CAMERA: 3 | NAME: برند محصول | CHANGE: unknown -> offline
2026-02-24 10:56:04,540 - CAMERA: 3 | NAME: برند محصول | CHANGE: offline -> online
2026-02-24 10:56:04,542 - CAMERA: 1 | NAME: لیبل کارتن محصول | CHANGE: offline -> online
2026-02-24 10:56:04,544 - CAMERA: 2 | NAME: لیبل سریال محصول | CHANGE: offline -> online
2026-02-24 11:02:26,879 - CAMERA: 3 | NAME: برند محصول | CHANGE: unknown -> offline
2026-02-24 11:02:26,887 - CAMERA: 1 | NAME: لیبل کارتن محصول | CHANGE: unknown -> offline
2026-02-24 11:02:26,893 - CAMERA: 2 | NAME: لیبل سریال محصول | CHANGE: unknown -> offline
2026-02-24 11:02:28,707 - CAMERA: 3 | NAME: برند محصول | CHANGE: offline -> online
2026-02-24 11:02:28,712 - CAMERA: 2 | NAME: لیبل سریال محصول | CHANGE: offline -> online
2026-02-24 11:02:30,524 - CAMERA: 1 | NAME: لیبل کارتن محصول | CHANGE: offline -> online
2026-02-24 11:03:29,070 - CAMERA: 1 | NAME: لیبل کارتن محصول | CHANGE: unknown -> offline
2026-02-24 11:03:29,073 - CAMERA: 3 | NAME: برند محصول | CHANGE: unknown -> offline
2026-02-24 11:03:29,077 - CAMERA: 2 | NAME: لیبل سریال محصول | CHANGE: unknown -> offline
2026-02-24 11:03:30,886 - CAMERA: 1 | NAME: لیبل کارتن محصول | CHANGE: offline -> online
2026-02-24 11:03:30,892 - CAMERA: 2 | NAME: لیبل سریال محصول | CHANGE: offline -> online
2026-02-24 11:03:32,702 - CAMERA: 3 | NAME: برند محصول | CHANGE: offline -> online
2026-02-24 12:32:33,074 - CAMERA: 1 | NAME: لیبل کارتن محصول | CHANGE: online -> offline
2026-02-24 12:33:46,855 - CAMERA: 1 | NAME: لیبل کارتن محصول | CHANGE: offline -> online
2026-02-24 13:02:02,695 - CAMERA: 1 | NAME: لیبل کارتن محصول | CHANGE: online -> offline
2026-02-24 13:02:05,909 - CAMERA: 3 | NAME: برند محصول | CHANGE: online -> offline
2026-02-24 13:02:05,912 - CAMERA: 2 | NAME: لیبل سریال محصول | CHANGE: online -> offline
2026-02-25 08:46:38,074 - CAMERA: 2 | NAME: لیبل سریال محصول | CHANGE: unknown -> offline
2026-02-25 08:46:38,079 - CAMERA: 3 | NAME: برند محصول | CHANGE: unknown -> offline
2026-02-25 08:46:38,080 - CAMERA: 1 | NAME: لیبل کارتن محصول | CHANGE: unknown -> offline
2026-03-10 10:38:47,802 - CAMERA: 1 | NAME: لیبل کارتن محصول | CHANGE: unknown -> offline
2026-03-10 10:38:47,805 - CAMERA: 2 | NAME: لیبل سریال محصول | CHANGE: unknown -> offline
2026-03-10 10:38:47,806 - CAMERA: 3 | NAME: برند محصول | CHANGE: unknown -> offline
2026-03-14 09:38:36,835 - CAMERA: 1 | NAME: لیبل کارتن محصول | CHANGE: unknown -> offline
2026-03-14 09:38:36,837 - CAMERA: 3 | NAME: برند محصول | CHANGE: unknown -> offline
2026-03-14 09:38:36,839 - CAMERA: 2 | NAME: لیبل سریال محصول | CHANGE: unknown -> offline
2026-04-13 10:45:05,583 - CAMERA: 1 | NAME: لیبل کارتن محصول | CHANGE: unknown -> offline
2026-04-13 10:45:05,585 - CAMERA: 2 | NAME: لیبل سریال محصول | CHANGE: unknown -> offline
2026-04-13 10:45:05,587 - CAMERA: 3 | NAME: برند محصول | CHANGE: unknown -> offline
2026-04-13 10:54:05,730 - CAMERA: 3 | NAME: برند محصول | CHANGE: unknown -> offline
2026-04-13 10:54:05,735 - CAMERA: 1 | NAME: لیبل کارتن محصول | CHANGE: unknown -> offline
2026-04-13 10:54:05,737 - CAMERA: 2 | NAME: لیبل سریال محصول | CHANGE: unknown -> offline
2026-04-13 10:58:57,493 - CAMERA: 4 | NAME: محصول | CHANGE: unknown -> offline
2026-04-13 10:58:57,499 - CAMERA: 6 | NAME: برند | CHANGE: unknown -> offline
2026-04-13 10:58:57,502 - CAMERA: 5 | NAME: کارتن | CHANGE: unknown -> offline
2026-04-13 10:58:59,825 - CAMERA: 4 | NAME: محصول | CHANGE: offline -> online
2026-04-13 10:58:59,827 - CAMERA: 5 | NAME: کارتن | CHANGE: offline -> online
2026-04-13 10:58:59,829 - CAMERA: 6 | NAME: برند | CHANGE: offline -> online
2026-04-13 11:01:25,835 - CAMERA: 4 | NAME: محصول | CHANGE: unknown -> offline
2026-04-13 11:01:25,841 - CAMERA: 5 | NAME: کارتن | CHANGE: unknown -> offline
2026-04-13 11:01:25,844 - CAMERA: 6 | NAME: برند | CHANGE: unknown -> offline
2026-04-13 11:01:27,655 - CAMERA: 5 | NAME: کارتن | CHANGE: offline -> online
2026-04-13 11:01:29,465 - CAMERA: 4 | NAME: محصول | CHANGE: offline -> online
2026-04-13 11:01:31,272 - CAMERA: 6 | NAME: برند | CHANGE: offline -> online
2026-04-13 11:26:37,524 - CAMERA: 4 | NAME: محصول | CHANGE: unknown -> offline
2026-04-13 11:26:37,528 - CAMERA: 5 | NAME: کارتن | CHANGE: unknown -> offline
2026-04-13 11:26:37,532 - CAMERA: 6 | NAME: برند | CHANGE: unknown -> offline
2026-04-13 11:26:39,256 - CAMERA: 4 | NAME: محصول | CHANGE: offline -> online
2026-04-13 11:26:39,257 - CAMERA: 5 | NAME: کارتن | CHANGE: offline -> online
2026-04-13 11:26:42,280 - CAMERA: 6 | NAME: برند | CHANGE: offline -> online
